
 4.5858E-01 8.8652E-01 1.6939E-01 7.1890E-01
 3.3786E-01 6.6177E-01 6.0157E-01 6.1939E-01
 3.4300E-01 4.0499E-01 6.4420E-01 4.6939E-01

